#separator \x09
#set_separator	,
#empty_field	(empty)
#unset_field	-
#path	ocsp
#open	2026-05-11-06-59-54
#fields	ts	id	hashAlgorithm	issuerNameHash	issuerKeyHash	serialNumber	certStatus	revoketime	revokereason	thisUpdate	nextUpdate
#types	time	string	string	string	string	string	string	time	string	time	time
1772308525.944889	FWBFqG25BYN3blGl53	sha1	34711AABC831A446F557713687C716C08AA381E8	B82F33A67C514F7F1F2DD5C8154238A4B20E8F2F	4100051BB41E4DB07548D3D7F9000000051BB4	good	-	-	1771870388.000000	1772562788.000000
1772308531.421984	FQhjdY3TwaCygSgvJ2	sha1	E475019DC323E226741D6C40390795F90596462E	3B70D153E976259D60A8CA660FC69BAE6F54166A	3303876F3F00B7D0A416EF0E5E000003876F3F	good	-	-	1771783988.000000	1772476388.000000
1772308531.431814	FWKeva35KODydkkDVd	sha1	E475019DC323E226741D6C40390795F90596462E	3B70D153E976259D60A8CA660FC69BAE6F54166A	3303876F3F00B7D0A416EF0E5E000003876F3F	good	-	-	1771783988.000000	1772476388.000000
1772308559.352878	F1K2X92cxe7wLLpu45	sha1	B34FFCEAC1CA8DBE13FD8B8738B023F3D896F3AC	FE09714055051044D8A48175B89E1AE94A0688C8	3303643E070A4F3177E82C931E000003643E07	good	-	-	1771999989.000000	1772692389.000000
1772308561.333524	FXkjb23Mchvcrwj7Ze	sha1	E475019DC323E226741D6C40390795F90596462E	3B70D153E976259D60A8CA660FC69BAE6F54166A	3303876F3F00B7D0A416EF0E5E000003876F3F	good	-	-	1771783988.000000	1772476388.000000
1772308566.039461	Fb147J26WkKkAncLL3	sha1	BF9BCBEF71E2B39B8D19487ACFC75885354F8F02	8A23EB9E6BD7F9375DF96D2139769AA167DE10A8	06BBC091E464BDCE033541F150DC2DC2	good	-	-	1771999444.000000	1772600644.000000
1772308566.193647	FXePxr4HsDpOctg4i2	sha1	BF9BCBEF71E2B39B8D19487ACFC75885354F8F02	8A23EB9E6BD7F9375DF96D2139769AA167DE10A8	06BBC091E464BDCE033541F150DC2DC2	good	-	-	1772090339.000000	1772691539.000000
1772308585.938330	FphCsxPCWzd7nG8wi	sha1	E475019DC323E226741D6C40390795F90596462E	3B70D153E976259D60A8CA660FC69BAE6F54166A	3303876F3F00B7D0A416EF0E5E000003876F3F	good	-	-	1771827188.000000	1772519588.000000
1772308591.338113	FktY7g1vWXFgRqRlN6	sha1	E475019DC323E226741D6C40390795F90596462E	3B70D153E976259D60A8CA660FC69BAE6F54166A	3303876F3F00B7D0A416EF0E5E000003876F3F	good	-	-	1771783988.000000	1772476388.000000
1772308604.282912	FQMcgV1ceizF62W2S8	sha1	E475019DC323E226741D6C40390795F90596462E	3B70D153E976259D60A8CA660FC69BAE6F54166A	3303876F3F00B7D0A416EF0E5E000003876F3F	good	-	-	1772230388.000000	1772922788.000000
1772308604.292654	FeyQ4yCoATzfqdRx7	sha1	E475019DC323E226741D6C40390795F90596462E	3B70D153E976259D60A8CA660FC69BAE6F54166A	3303876F3F00B7D0A416EF0E5E000003876F3F	good	-	-	1771956788.000000	1772649188.000000
1772308664.240204	FeOY6uDmtB56GCVza	sha1	E475019DC323E226741D6C40390795F90596462E	3B70D153E976259D60A8CA660FC69BAE6F54166A	3303876F3F00B7D0A416EF0E5E000003876F3F	good	-	-	1771783988.000000	1772476388.000000
1772309565.098973	FWRv6mSTNaGu828Xd	sha1	7624DB6BD09C44BD8C92A5BC8159AA8199E6A50A	CE15163BEA02A3A66BDAD92BFDE58C52BE7A50A8	3302F021E83478786F08156229000002F021E8	good	-	-	1772230388.000000	1772922788.000000
1772309682.566231	F8HGVd2SPrpJEyRMx8	sha1	7624DB6BD09C44BD8C92A5BC8159AA8199E6A50A	CE15163BEA02A3A66BDAD92BFDE58C52BE7A50A8	3302F021E83478786F08156229000002F021E8	good	-	-	1772230388.000000	1772922788.000000
1772309876.484601	Fw5gAag3hFvh2HWD9	sha1	E475019DC323E226741D6C40390795F90596462E	3B70D153E976259D60A8CA660FC69BAE6F54166A	3303876F3F00B7D0A416EF0E5E000003876F3F	good	-	-	1772215988.000000	1772908388.000000
1772309928.898442	FJmfbB1rP932LxXmHi	sha1	7624DB6BD09C44BD8C92A5BC8159AA8199E6A50A	CE15163BEA02A3A66BDAD92BFDE58C52BE7A50A8	3302F021E83478786F08156229000002F021E8	good	-	-	1772230388.000000	1772922788.000000
1772309941.166916	FjGVon2KHfOwNhpuV4	sha1	39D28B71FE1D19B65FB3F1288F23BC04595C4395	4E2254201895E6E36EE60FFAFAB912ED06178F39	0EFB7E547EDF0FF1069AEE57696D7BA0	good	-	-	1772214531.000000	1772819331.000000
1772311094.076075	F7zKExNDrEw52l3X9	sha1	E475019DC323E226741D6C40390795F90596462E	3B70D153E976259D60A8CA660FC69BAE6F54166A	3303416C98900D8BD4D264C7FA000003416C98	good	-	-	1772215988.000000	1772908388.000000
1772312204.222573	FnY6Zz1V9AI3eGVH83	sha1	E475019DC323E226741D6C40390795F90596462E	3B70D153E976259D60A8CA660FC69BAE6F54166A	3303876F3F00B7D0A416EF0E5E000003876F3F	good	-	-	1772215988.000000	1772908388.000000
1772313435.882093	FqF1f01Piv8hqb1lql	sha1	7624DB6BD09C44BD8C92A5BC8159AA8199E6A50A	CE15163BEA02A3A66BDAD92BFDE58C52BE7A50A8	3302F021E83478786F08156229000002F021E8	good	-	-	1772230388.000000	1772922788.000000
1772313490.262694	Fy2nu11Wycd3NAIgqf	sha1	E475019DC323E226741D6C40390795F90596462E	3B70D153E976259D60A8CA660FC69BAE6F54166A	3303876F3F00B7D0A416EF0E5E000003876F3F	good	-	-	1772043188.000000	1772735588.000000
1772313541.164796	FNTXql1coJJxQtKT4a	sha1	7624DB6BD09C44BD8C92A5BC8159AA8199E6A50A	CE15163BEA02A3A66BDAD92BFDE58C52BE7A50A8	3302F021E83478786F08156229000002F021E8	good	-	-	1772230388.000000	1772922788.000000
1772313541.286770	FEWR1z31dwXaZPWQad	sha1	39D28B71FE1D19B65FB3F1288F23BC04595C4395	4E2254201895E6E36EE60FFAFAB912ED06178F39	05196526449A5E3D1A38748F5DCFEBCC	good	-	-	1772214421.000000	1772819221.000000
1772313778.429292	FCq8MC2B5yRr3A5Ckd	sha1	7624DB6BD09C44BD8C92A5BC8159AA8199E6A50A	CE15163BEA02A3A66BDAD92BFDE58C52BE7A50A8	3302F021E83478786F08156229000002F021E8	good	-	-	1772129588.000000	1772821988.000000
1772315804.214558	FNtA5o1rXsSJI3nw8j	sha1	E475019DC323E226741D6C40390795F90596462E	3B70D153E976259D60A8CA660FC69BAE6F54166A	3303876F3F00B7D0A416EF0E5E000003876F3F	good	-	-	1771827188.000000	1772519588.000000
1772317100.551334	F5ELHj1p86PYncQEnl	sha1	E475019DC323E226741D6C40390795F90596462E	3B70D153E976259D60A8CA660FC69BAE6F54166A	3303876F3F00B7D0A416EF0E5E000003876F3F	good	-	-	1771783988.000000	1772476388.000000
1772319404.135869	FzTb7GJABOdPT9839	sha1	E475019DC323E226741D6C40390795F90596462E	3B70D153E976259D60A8CA660FC69BAE6F54166A	3303876F3F00B7D0A416EF0E5E000003876F3F	good	-	-	1771783988.000000	1772476388.000000
1772320714.642680	FqAPIM2pbLZ5eJtSGl	sha1	E475019DC323E226741D6C40390795F90596462E	3B70D153E976259D60A8CA660FC69BAE6F54166A	3303876F3F00B7D0A416EF0E5E000003876F3F	good	-	-	1771783988.000000	1772476388.000000
1772323004.106022	FHP7Dm2q8mRQECH0Pe	sha1	E475019DC323E226741D6C40390795F90596462E	3B70D153E976259D60A8CA660FC69BAE6F54166A	3303876F3F00B7D0A416EF0E5E000003876F3F	good	-	-	1771783988.000000	1772476388.000000
#close	2026-05-11-07-00-02
